Microchip MPLAB XC8 Compiler V2.41

Linker command line:

-W-3 \
  --edf=C:\Program Files\Microchip\xc8\v2.41\pic\dat\20230208172133_en.msgs \
  -cn -h+dist/default/production\Record_203.production.sym \
  --cmf=dist/default/production\Record_203.production.cmf -z -Q18F4620 \
  -oC:\Users\Body\AppData\Local\Temp\xcAs5ek.\driver_tmp_3.o \
  --defsym=__MPLAB_BUILD=1 --fixupoverflow=error \
  -Mdist/default/production/Record_203.production.map \
  --md=C:\Users\Body\AppData\Local\Temp\xcAs5ek.\driver_tmp_0.dat -E1 \
  -ver=XC8 Compiler --acfsm=1493 -ACODE=00h-0FFFFh -ACONST=00h-0FFFFh \
  -ASMALLCONST=01000h-010FFhx240 -AMEDIUMCONST=01000h-0FFFFh \
  -ACOMRAM=01h-07Fh -AABS1=00h-0F7Fh -ABIGRAM=01h-0F7Fh \
  -ARAM=080h-0FFh,0100h-01FFhx14,0F00h-0F7Fh -ABANK0=080h-0FFh \
  -ABANK1=0100h-01FFh -ABANK2=0200h-02FFh -ABANK3=0300h-03FFh \
  -ABANK4=0400h-04FFh -ABANK5=0500h-05FFh -ABANK6=0600h-06FFh \
  -ABANK7=0700h-07FFh -ABANK8=0800h-08FFh -ABANK9=0900h-09FFh \
  -ABANK10=0A00h-0AFFh -ABANK11=0B00h-0BFFh -ABANK12=0C00h-0CFFh \
  -ABANK13=0D00h-0DFFh -ABANK14=0E00h-0EFFh -ABANK15=0F00h-0F7Fh \
  -ASFR=0F80h-0FFFh -ABIGSFR=0F80h-0FFFh -ACONFIG=0300000h-030000Dh \
  -AIDLOC=0200000h-0200007h -AEEDATA=0F00000h-0F003FFh -peeprom_data=EEDATA \
  -preset_vec=00h,intcode=08h,intcodelo,powerup,init -pramtop=01000h \
  -psmallconst=SMALLCONST -pmediumconst=MEDIUMCONST -pconst=CONST \
  -AFARRAM=00h-00h \
  -prdata=COMRAM,nvrram=COMRAM,nvbit=COMRAM,rbss=COMRAM,rbit=COMRAM \
  -pfarbss=FARRAM,fardata=FARRAM,nvFARRAM=FARRAM \
  -pintsave_regs=BIGRAM,bigbss=BIGRAM,bigdata=BIGRAM -pbss=RAM \
  -pidata=CODE,irdata=CODE,ibigdata=CODE,ifardata=CODE -prparam=COMRAM \
  C:\Users\Body\AppData\Local\Temp\xcAs5ek.\driver_tmp_14.o \
  dist/default/production\Record_203.production.o 

Object code version is 3.11

Machine type is 18F4620



                Name                               Link     Load   Length Selector   Space Scale
C:\Users\Body\AppData\Local\Temp\xcAs5ek.\driver_tmp_14.o
                idloc                            200000   200000        8        0       5
                config                           300000   300000        E        0       4
                init                                  E        E        4        4       0
                reset_vec                             0        0        4        0       0
dist/default/production\Record_203.production.o
                intcode                               8        8        6        4       0
                idloc                            200000   200000        8        0       5
                config                           300000   300000        E        0       4
                temp                                 7C       7C        1        1       1
                smallconst                         1000     1000       2C      800       0
                text51                             2D5C     2D5C        4     1697       0
                text50                             2D58     2D58        4     1697       0
                text49                             2D54     2D54        4     1697       0
                text48                             2D64     2D64        2     1697       0
                text47                             2D50     2D50        4     1697       0
                text46                             2D4C     2D4C        4     1697       0
                text45                             2D48     2D48        4     1697       0
                text44                             2D44     2D44        4     1697       0
                text43                             2D40     2D40        4     1697       0
                text42                             2D3C     2D3C        4     1697       0
                text41                             2D62     2D62        2     1697       0
                text40                             2CE4     2CE4       1A      816       0
                text39                             2CCA     2CCA       1A      816       0
                text38                             2CB0     2CB0       1A      816       0
                text37                             2C96     2C96       1A      816       0
                text36                             2D16     2D16        C      816       0
                text35                             2D0A     2D0A        C      816       0
                text34                             2D2E     2D2E        8     1697       0
                text33                             2CFE     2CFE        C      816       0
                intcode_body                       102C     102C      406      816       0
                text31                             1C34     1C34      144      816       0
                text30                             1FD0     1FD0      12C      816       0
                text29                             296E     296E       6C      816       0
                text28                             2806     2806       80      816       0
                text27                             2BF2     2BF2       34      816       0
                text26                             26EC     26EC       90      816       0
                text25                             1EA4     1EA4      12C      816       0
                text24                             2C7C     2C7C       1A      816       0
                text23                             2D36     2D36        6     1697       0
                text22                             25B8     25B8       A4      816       0
                text21                             29DA     29DA       6A      816       0
                text20                             2C56     2C56       26      816       0
                text19                             1432     1432      33A      816       0
                text18                             23A8     23A8       B8      816       0
                text17                             20FC     20FC      11E      816       0
                text16                             265C     265C       90      816       0
                text15                             2510     2510       A8      816       0
                text14                             2B28     2B28       46      816       0
                text13                             277C     277C       8A      816       0
                text12                             2AE0     2AE0       48      816       0
                text11                             22E4     22E4       C4      816       0
                text10                             2460     2460       B0      816       0
                text9                              2BB2     2BB2       40      816       0
                text8                              2D60     2D60        2     1697       0
                text7                              221A     221A       CA      816       0
                text6                              2B6E     2B6E       44      816       0
                text5                              2886     2886       7A      816       0
                text4                              1AA0     1AA0      194      816       0
                text3                              1D78     1D78      12C      816       0
                text2                              2A44     2A44       50      816       0
                text1                              2A94     2A94       4C      816       0
                text0                              176C     176C      334      816       0
                cstackCOMRAM                          1        1       57        1       1
                cstackBANK1                         120      120        3      100       1
                bssBANK1                            100      100       20      100       1
                dataBANK0                            CF       CF       30       80       1
                bssBANK0                             80       80       4F       80       1
                dataCOMRAM                           6E       6E        B        1       1
                bssCOMRAM                            58       58       16        1       1
                cinit                              2900     2900       6E      816       0
                nvBANK0                              FF       FF        1       80       1
                nvCOMRAM                             79       79        3        1       1
                idataBANK0                         2C26     2C26       30      816       0
                idataCOMRAM                        2D22     2D22        B      816       0

TOTAL           Name                               Link     Load   Length     Space
        CLASS   CODE           
                intcode                               8        8        6         0
                init                                  E        E        4         0
                reset_vec                             0        0        4         0
                text51                             2D5C     2D5C        4         0
                text50                             2D58     2D58        4         0
                text49                             2D54     2D54        4         0
                text48                             2D64     2D64        2         0
                text47                             2D50     2D50        4         0
                text46                             2D4C     2D4C        4         0
                text45                             2D48     2D48        4         0
                text44                             2D44     2D44        4         0
                text43                             2D40     2D40        4         0
                text42                             2D3C     2D3C        4         0
                text41                             2D62     2D62        2         0
                text40                             2CE4     2CE4       1A         0
                text39                             2CCA     2CCA       1A         0
                text38                             2CB0     2CB0       1A         0
                text37                             2C96     2C96       1A         0
                text36                             2D16     2D16        C         0
                text35                             2D0A     2D0A        C         0
                text34                             2D2E     2D2E        8         0
                text33                             2CFE     2CFE        C         0
                intcode_body                       102C     102C      406         0
                text31                             1C34     1C34      144         0
                text30                             1FD0     1FD0      12C         0
                text29                             296E     296E       6C         0
                text28                             2806     2806       80         0
                text27                             2BF2     2BF2       34         0
                text26                             26EC     26EC       90         0
                text25                             1EA4     1EA4      12C         0
                text24                             2C7C     2C7C       1A         0
                text23                             2D36     2D36        6         0
                text22                             25B8     25B8       A4         0
                text21                             29DA     29DA       6A         0
                text20                             2C56     2C56       26         0
                text19                             1432     1432      33A         0
                text18                             23A8     23A8       B8         0
                text17                             20FC     20FC      11E         0
                text16                             265C     265C       90         0
                text15                             2510     2510       A8         0
                text14                             2B28     2B28       46         0
                text13                             277C     277C       8A         0
                text12                             2AE0     2AE0       48         0
                text11                             22E4     22E4       C4         0
                text10                             2460     2460       B0         0
                text9                              2BB2     2BB2       40         0
                text8                              2D60     2D60        2         0
                text7                              221A     221A       CA         0
                text6                              2B6E     2B6E       44         0
                text5                              2886     2886       7A         0
                text4                              1AA0     1AA0      194         0
                text3                              1D78     1D78      12C         0
                text2                              2A44     2A44       50         0
                text1                              2A94     2A94       4C         0
                text0                              176C     176C      334         0
                cinit                              2900     2900       6E         0
                idataBANK0                         2C26     2C26       30         0
                idataCOMRAM                        2D22     2D22        B         0

        CLASS   CONST          

        CLASS   SMALLCONST     
                smallconst                         1000     1000       2C         0

        CLASS   MEDIUMCONST    

        CLASS   COMRAM         
                temp                                 7C       7C        1         1
                cstackCOMRAM                          1        1       57         1
                dataCOMRAM                           6E       6E        B         1
                bssCOMRAM                            58       58       16         1
                nvCOMRAM                             79       79        3         1

        CLASS   ABS1           

        CLASS   BIGRAM         

        CLASS   RAM            

        CLASS   BANK0          
                dataBANK0                            CF       CF       30         1
                bssBANK0                             80       80       4F         1
                nvBANK0                              FF       FF        1         1

        CLASS   BANK1          
                cstackBANK1                         120      120        3         1
                bssBANK1                            100      100       20         1

        CLASS   BANK2          

        CLASS   BANK3          

        CLASS   BANK4          

        CLASS   BANK5          

        CLASS   BANK6          

        CLASS   BANK7          

        CLASS   BANK8          

        CLASS   BANK9          

        CLASS   BANK10         

        CLASS   BANK11         

        CLASS   BANK12         

        CLASS   BANK13         

        CLASS   BANK14         

        CLASS   BANK15         

        CLASS   SFR            

        CLASS   BIGSFR         

        CLASS   CONFIG         
                config                           300000   300000        E         4

        CLASS   IDLOC          
                idloc                            200000   200000        8         5

        CLASS   EEDATA         

        CLASS   FARRAM         

        CLASS   HEAP           

        CLASS   STACK          



SEGMENTS        Name                           Load    Length   Top    Selector   Space  Class

                reset_vec                      000000  000004  000004         0       0  CODE    
                cstackCOMRAM                   000001  00007C  00007D         1       1  COMRAM  
                intcode                        000008  00000A  000012         4       0  CODE    
                bssBANK0                       000080  000080  000100        80       1  BANK0   
                bssBANK1                       000100  000023  000123       100       1  BANK1   
                smallconst                     001000  00002C  00102C       800       0  SMALLCON
                intcode_body                   00102C  001D01  002D2D       816       0  CODE    
                text34                         002D2E  000038  002D66      1697       0  CODE    


UNUSED ADDRESS RANGES

        Name                Unused          Largest block    Delta
        BANK1            000123-0001FF               DD
        BANK10           000A00-000AFF              100
        BANK11           000B00-000BFF              100
        BANK12           000C00-000CFF              100
        BANK13           000D00-000DFF              100
        BANK14           000E00-000EFF              100
        BANK15           000F00-000F7F               80
        BANK2            000200-0002FF              100
        BANK3            000300-0003FF              100
        BANK4            000400-0004FF              100
        BANK5            000500-0005FF              100
        BANK6            000600-0006FF              100
        BANK7            000700-0007FF              100
        BANK8            000800-0008FF              100
        BANK9            000900-0009FF              100
        BIGRAM           00007D-00007F                3
                         000123-000F7F              E5D
        BIGSFR           000F80-000FFF               80
        CODE             000004-000007                4
                         000012-000FFF              FEE
                         002D2D-002D2D                1
                         002D66-00FFFF             D29A
        COMRAM           00007D-00007F                3
        CONST            000004-000007                4
                         000012-000FFF              FEE
                         002D2D-002D2D                1
                         002D66-00FFFF             D29A
        EEDATA           F00000-F003FF              400
        MEDIUMCONST      002D2D-002D2D                1
                         002D66-00FFFF             D29A
        RAM              000123-000F7F              100
        SFR              000F80-000FFF               80
        SMALLCONST       002D2D-002D2D                1
                         002D66-00FFFF              100

                                  Symbol Table

?___awdiv                                          cstackCOMRAM 000002
?___awmod                                          cstackCOMRAM 000002
?___lldiv                                          cstackCOMRAM 000002
?___lmul                                           cstackCOMRAM 000002
?___wmul                                           cstackCOMRAM 000002
?_abs                                              cstackCOMRAM 000008
?_sprintf                                          cstackCOMRAM 000040
?_vfprintf                                         cstackCOMRAM 000038
MSSP_SPI_Msster_Mode_GPIO_PIN_Configurations@F3090 dataCOMRAM   000074
MSSP_SPI_Msster_Mode_GPIO_PIN_Configurations@F3092 dataCOMRAM   000073
MSSP_SPI_Msster_Mode_GPIO_PIN_Configurations@F3094 dataCOMRAM   000072
MSSP_SPI_Slave_Mode_GPIO_PIN_Configurations@F3099  dataCOMRAM   000071
MSSP_SPI_Slave_Mode_GPIO_PIN_Configurations@F3101  dataCOMRAM   000070
MSSP_SPI_Slave_Mode_GPIO_PIN_Configurations@F3103  dataCOMRAM   00006F
MSSP_SPI_Slave_Mode_GPIO_PIN_Configurations@F3105  dataCOMRAM   00006E
RB4_ISR@RB4_Source                                 cstackCOMRAM 000001
RB5_ISR@RB5_Source                                 cstackCOMRAM 000001
RB6_ISR@RB6_Source                                 cstackCOMRAM 000001
RB7_ISR@RB7_Source                                 cstackCOMRAM 000001
_ADCON0bits                                        (abs)        000FC2
_ADCON1bits                                        (abs)        000FC1
_ADCON2bits                                        (abs)        000FC0
_ADC_ISR                                           text51       002D5C
_ADC_InterruptHandler                              bssCOMRAM    000062
_ADRESH                                            (abs)        000FC4
_ADRESL                                            (abs)        000FC3
_BAUDCONbits                                       (abs)        000FB8
_CCP1CONbits                                       (abs)        000FBD
_CCP1_ISR                                          text50       002D58
_CCP1_InterruptHandler                             bssCOMRAM    000060
_CCP2CONbits                                       (abs)        000FBA
_CCP2_ISR                                          text49       002D54
_CCP2_InterruptHandler                             bssBANK0     0000B4
_CCPR1L                                            (abs)        000FBE
_CCPR2L                                            (abs)        000FBB
_EEADR                                             (abs)        000FA9
_EEADRH                                            (abs)        000FAA
_EECON1bits                                        (abs)        000FA6
_EECON2                                            (abs)        000FA7
_EEDATA                                            (abs)        000FA8
_EUSART_FramingErrorHandler                        bssBANK0     00008A
_EUSART_OverrunErrorHandler                        bssBANK0     000088
_EUSART_RX_ISR                                     text48       002D64
_EUSART_RxInterruptHandler                         bssBANK0     00008C
_EUSART_TX_ISR                                     text47       002D50
_EUSART_TxInterruptHandler                         bssBANK0     00008E
_I2C_DefaultInterruptHandle                        bssBANK0     0000B0
_I2C_Report_Receive_Overflow_InterruptHandle       bssBANK0     0000AE
_I2C_Report_Write_Collision_InterruptHandler       bssBANK0     0000B2
_INT0_ISR                                          text46       002D4C
_INT0_InterruptHandler                             bssBANK0     0000AC
_INT1_ISR                                          text45       002D48
_INT1_InterruptHandler                             bssBANK0     0000AA
_INT2_ISR                                          text44       002D44
_INT2_InterruptHandler                             bssBANK0     0000A8
_INTCON2bits                                       (abs)        000FF1
_INTCON3bits                                       (abs)        000FF0
_INTCONbits                                        (abs)        000FF2
_InterruptManager                                  intcode      000008
_LATA                                              (abs)        000F89
_LATB                                              (abs)        000F8A
_LATC                                              (abs)        000F8B
_LATD                                              (abs)        000F8C
_LATE                                              (abs)        000F8D
_MSSP_I2C_BC_ISR                                   text43       002D40
_MSSP_I2C_ISR                                      text42       002D3C
_MSSP_SPI_ISR                                      text41       002D62
_PIE1bits                                          (abs)        000F9D
_PIE2bits                                          (abs)        000FA0
_PIR1bits                                          (abs)        000F9E
_PIR2bits                                          (abs)        000FA1
_PORTA                                             (abs)        000F80
_PORTB                                             (abs)        000F81
_PORTBbits                                         (abs)        000F81
_PORTC                                             (abs)        000F82
_PORTD                                             (abs)        000F83
_PORTE                                             (abs)        000F84
_PR2                                               (abs)        000FCB
_RB4_Flag                                          dataCOMRAM   000078
_RB4_ISR                                           text40       002CE4
_RB4_InterruptHandler_HIGH                         bssBANK0     0000A6
_RB4_InterruptHandler_LOW                          bssBANK0     0000A4
_RB5_Flag                                          dataCOMRAM   000077
_RB5_ISR                                           text39       002CCA
_RB5_InterruptHandler_HIGH                         bssBANK0     0000A2
_RB5_InterruptHandler_LOW                          bssBANK0     0000A0
_RB6_Flag                                          dataCOMRAM   000076
_RB6_ISR                                           text38       002CB0
_RB6_InterruptHandler_HIGH                         bssBANK0     00009E
_RB6_InterruptHandler_LOW                          bssBANK0     00009C
_RB7_Flag                                          dataCOMRAM   000075
_RB7_ISR                                           text37       002C96
_RB7_InterruptHandler_HIGH                         bssBANK0     00009A
_RB7_InterruptHandler_LOW                          bssBANK0     000098
_RCREG                                             (abs)        000FAE
_RCSTAbits                                         (abs)        000FAB
_SPBRG                                             (abs)        000FAF
_SPBRGH                                            (abs)        000FB0
_SSPADD                                            (abs)        000FC8
_SSPBUF                                            (abs)        000FC9
_SSPCON1bits                                       (abs)        000FC6
_SSPCON2bits                                       (abs)        000FC5
_SSPSTATbits                                       (abs)        000FC7
_T0CONbits                                         (abs)        000FD5
_T1CONbits                                         (abs)        000FCD
_T2CONbits                                         (abs)        000FCA
_T3CONbits                                         (abs)        000FB1
_TMR0H                                             (abs)        000FD7
_TMR0L                                             (abs)        000FD6
_TMR0_ISR                                          text36       002D16
_TMR0_InterruptHandler                             bssBANK0     000096
_TMR1H                                             (abs)        000FCF
_TMR1L                                             (abs)        000FCE
_TMR1_ISR                                          text35       002D0A
_TMR1_InterruptHandler                             bssBANK0     000094
_TMR2                                              (abs)        000FCC
_TMR2_ISR                                          text34       002D2E
_TMR2_InterruptHandler                             bssBANK0     000092
_TMR3H                                             (abs)        000FB3
_TMR3L                                             (abs)        000FB2
_TMR3_ISR                                          text33       002CFE
_TMR3_InterruptHandler                             bssBANK0     000090
_TRISA                                             (abs)        000F92
_TRISB                                             (abs)        000F93
_TRISC                                             (abs)        000F94
_TRISCbits                                         (abs)        000F94
_TRISD                                             (abs)        000F95
_TRISE                                             (abs)        000F96
_TXREG                                             (abs)        000FAD
_TXSTAbits                                         (abs)        000FAC
__HRAM                                             (abs)        000000
__H__absolute__                                    __absolute__ 000000
__Habs1                                            abs1         000000
__Hbank0                                           bank0        000000
__Hbank1                                           bank1        000000
__Hbank10                                          bank10       000000
__Hbank11                                          bank11       000000
__Hbank12                                          bank12       000000
__Hbank13                                          bank13       000000
__Hbank14                                          bank14       000000
__Hbank15                                          bank15       000000
__Hbank2                                           bank2        000000
__Hbank3                                           bank3        000000
__Hbank4                                           bank4        000000
__Hbank5                                           bank5        000000
__Hbank6                                           bank6        000000
__Hbank7                                           bank7        000000
__Hbank8                                           bank8        000000
__Hbank9                                           bank9        000000
__Hbigbss                                          bigbss       000000
__Hbigdata                                         bigdata      000000
__Hbigram                                          bigram       000000
__Hbigsfr                                          bigsfr       000000
__Hbss                                             bss          000000
__HbssBANK0                                        bssBANK0     000000
__HbssBANK1                                        bssBANK1     000000
__HbssCOMRAM                                       bssCOMRAM    000000
__Hcinit                                           cinit        000000
__Hclrtext                                         clrtext      000000
__Hcomram                                          comram       000000
__Hconfig                                          config       30000E
__Hconst                                           const        000000
__HcstackBANK1                                     cstackBANK1  000000
__HcstackCOMRAM                                    cstackCOMRAM 000000
__Hdata                                            data         000000
__HdataBANK0                                       dataBANK0    000000
__HdataCOMRAM                                      dataCOMRAM   000000
__Heeprom_data                                     eeprom_data  000000
__Hfarbss                                          farbss       000000
__Hfardata                                         fardata      000000
__Hheap                                            heap         000000
__Hibigdata                                        ibigdata     000000
__Hidata                                           idata        000000
__HidataBANK0                                      idataBANK0   000000
__HidataCOMRAM                                     idataCOMRAM  000000
__Hidloc                                           idloc        200008
__Hifardata                                        ifardata     000000
__Hinit                                            init         000012
__Hintcode                                         intcode      00000E
__Hintcode_body                                    intcode_body 000000
__Hintcodelo                                       intcodelo    00000E
__Hintentry                                        intentry     000000
__Hintret                                          intret       000000
__Hintsave_regs                                    intsave_regs 000000
__Hirdata                                          irdata       000000
__Hmediumconst                                     mediumconst  000000
__HnvBANK0                                         nvBANK0      000000
__HnvCOMRAM                                        nvCOMRAM     000000
__HnvFARRAM                                        nvFARRAM     000000
__Hnvbit                                           nvbit        000000
__Hnvrram                                          nvrram       000000
__Hparam                                           rparam       000000
__Hpowerup                                         powerup      00000E
__Hram                                             ram          000000
__Hramtop                                          ramtop       001000
__Hrbit                                            rbit         000000
__Hrbss                                            rbss         000000
__Hrdata                                           rdata        000000
__Hreset_vec                                       reset_vec    000004
__Hrparam                                          rparam       000000
__Hsfr                                             sfr          000000
__Hsmallconst                                      smallconst   00102C
__Hspace_0                                         (abs)        002D66
__Hspace_1                                         (abs)        000123
__Hspace_2                                         (abs)        000000
__Hspace_4                                         (abs)        60000E
__Hstack                                           stack        000000
__Hstruct                                          struct       000000
__Htemp                                            temp         00007D
__Htext                                            text         000000
__Htext0                                           text0        000000
__Htext1                                           text1        000000
__Htext10                                          text10       000000
__Htext11                                          text11       000000
__Htext12                                          text12       000000
__Htext13                                          text13       000000
__Htext14                                          text14       000000
__Htext15                                          text15       000000
__Htext16                                          text16       000000
__Htext17                                          text17       000000
__Htext18                                          text18       000000
__Htext19                                          text19       000000
__Htext2                                           text2        000000
__Htext20                                          text20       000000
__Htext21                                          text21       000000
__Htext22                                          text22       000000
__Htext23                                          text23       000000
__Htext24                                          text24       000000
__Htext25                                          text25       000000
__Htext26                                          text26       000000
__Htext27                                          text27       000000
__Htext28                                          text28       000000
__Htext29                                          text29       000000
__Htext3                                           text3        000000
__Htext30                                          text30       000000
__Htext31                                          text31       000000
__Htext33                                          text33       000000
__Htext34                                          text34       000000
__Htext35                                          text35       000000
__Htext36                                          text36       000000
__Htext37                                          text37       000000
__Htext38                                          text38       000000
__Htext39                                          text39       000000
__Htext4                                           text4        000000
__Htext40                                          text40       000000
__Htext41                                          text41       000000
__Htext42                                          text42       000000
__Htext43                                          text43       000000
__Htext44                                          text44       000000
__Htext45                                          text45       000000
__Htext46                                          text46       000000
__Htext47                                          text47       000000
__Htext48                                          text48       000000
__Htext49                                          text49       000000
__Htext5                                           text5        000000
__Htext50                                          text50       000000
__Htext51                                          text51       000000
__Htext6                                           text6        000000
__Htext7                                           text7        000000
__Htext8                                           text8        000000
__Htext9                                           text9        000000
__LRAM                                             (abs)        000001
__L__absolute__                                    __absolute__ 000000
__Labs1                                            abs1         000000
__Lbank0                                           bank0        000000
__Lbank1                                           bank1        000000
__Lbank10                                          bank10       000000
__Lbank11                                          bank11       000000
__Lbank12                                          bank12       000000
__Lbank13                                          bank13       000000
__Lbank14                                          bank14       000000
__Lbank15                                          bank15       000000
__Lbank2                                           bank2        000000
__Lbank3                                           bank3        000000
__Lbank4                                           bank4        000000
__Lbank5                                           bank5        000000
__Lbank6                                           bank6        000000
__Lbank7                                           bank7        000000
__Lbank8                                           bank8        000000
__Lbank9                                           bank9        000000
__Lbigbss                                          bigbss       000000
__Lbigdata                                         bigdata      000000
__Lbigram                                          bigram       000000
__Lbigsfr                                          bigsfr       000000
__Lbss                                             bss          000000
__LbssBANK0                                        bssBANK0     000000
__LbssBANK1                                        bssBANK1     000000
__LbssCOMRAM                                       bssCOMRAM    000000
__Lcinit                                           cinit        000000
__Lclrtext                                         clrtext      000000
__Lcomram                                          comram       000000
__Lconfig                                          config       000000
__Lconst                                           const        000000
__LcstackBANK1                                     cstackBANK1  000000
__LcstackCOMRAM                                    cstackCOMRAM 000000
__Ldata                                            data         000000
__LdataBANK0                                       dataBANK0    000000
__LdataCOMRAM                                      dataCOMRAM   000000
__Leeprom_data                                     eeprom_data  000000
__Lfarbss                                          farbss       000000
__Lfardata                                         fardata      000000
__Lheap                                            heap         000000
__Libigdata                                        ibigdata     000000
__Lidata                                           idata        000000
__LidataBANK0                                      idataBANK0   000000
__LidataCOMRAM                                     idataCOMRAM  000000
__Lidloc                                           idloc        000000
__Lifardata                                        ifardata     000000
__Linit                                            init         00000E
__Lintcode                                         intcode      000008
__Lintcode_body                                    intcode_body 000000
__Lintcodelo                                       intcodelo    00000E
__Lintentry                                        intentry     000000
__Lintret                                          intret       000000
__Lintsave_regs                                    intsave_regs 000000
__Lirdata                                          irdata       000000
__Lmediumconst                                     mediumconst  000000
__LnvBANK0                                         nvBANK0      000000
__LnvCOMRAM                                        nvCOMRAM     000000
__LnvFARRAM                                        nvFARRAM     000000
__Lnvbit                                           nvbit        000000
__Lnvrram                                          nvrram       000000
__Lparam                                           rparam       000000
__Lpowerup                                         powerup      00000E
__Lram                                             ram          000000
__Lramtop                                          ramtop       001000
__Lrbit                                            rbit         000000
__Lrbss                                            rbss         000000
__Lrdata                                           rdata        000000
__Lreset_vec                                       reset_vec    000000
__Lrparam                                          rparam       000000
__Lsfr                                             sfr          000000
__Lsmallconst                                      smallconst   001000
__Lspace_0                                         (abs)        000000
__Lspace_1                                         (abs)        000000
__Lspace_2                                         (abs)        000000
__Lspace_4                                         (abs)        000000
__Lstack                                           stack        000000
__Lstruct                                          struct       000000
__Ltemp                                            temp         00007C
__Ltext                                            text         000000
__Ltext0                                           text0        000000
__Ltext1                                           text1        000000
__Ltext10                                          text10       000000
__Ltext11                                          text11       000000
__Ltext12                                          text12       000000
__Ltext13                                          text13       000000
__Ltext14                                          text14       000000
__Ltext15                                          text15       000000
__Ltext16                                          text16       000000
__Ltext17                                          text17       000000
__Ltext18                                          text18       000000
__Ltext19                                          text19       000000
__Ltext2                                           text2        000000
__Ltext20                                          text20       000000
__Ltext21                                          text21       000000
__Ltext22                                          text22       000000
__Ltext23                                          text23       000000
__Ltext24                                          text24       000000
__Ltext25                                          text25       000000
__Ltext26                                          text26       000000
__Ltext27                                          text27       000000
__Ltext28                                          text28       000000
__Ltext29                                          text29       000000
__Ltext3                                           text3        000000
__Ltext30                                          text30       000000
__Ltext31                                          text31       000000
__Ltext33                                          text33       000000
__Ltext34                                          text34       000000
__Ltext35                                          text35       000000
__Ltext36                                          text36       000000
__Ltext37                                          text37       000000
__Ltext38                                          text38       000000
__Ltext39                                          text39       000000
__Ltext4                                           text4        000000
__Ltext40                                          text40       000000
__Ltext41                                          text41       000000
__Ltext42                                          text42       000000
__Ltext43                                          text43       000000
__Ltext44                                          text44       000000
__Ltext45                                          text45       000000
__Ltext46                                          text46       000000
__Ltext47                                          text47       000000
__Ltext48                                          text48       000000
__Ltext49                                          text49       000000
__Ltext5                                           text5        000000
__Ltext50                                          text50       000000
__Ltext51                                          text51       000000
__Ltext6                                           text6        000000
__Ltext7                                           text7        000000
__Ltext8                                           text8        000000
__Ltext9                                           text9        000000
__S0                                               (abs)        002D66
__S1                                               (abs)        000123
__S4                                               (abs)        000000
__S5                                               (abs)        000000
___awdiv                                           text11       0022E4
___awdiv@counter                                   cstackCOMRAM 000006
___awdiv@dividend                                  cstackCOMRAM 000002
___awdiv@divisor                                   cstackCOMRAM 000004
___awdiv@quotient                                  cstackCOMRAM 000008
___awdiv@sign                                      cstackCOMRAM 000007
___awmod                                           text10       002460
___awmod@counter                                   cstackCOMRAM 000006
___awmod@dividend                                  cstackCOMRAM 000002
___awmod@divisor                                   cstackCOMRAM 000004
___awmod@sign                                      cstackCOMRAM 000007
___heap_hi                                         (abs)        000000
___heap_lo                                         (abs)        000000
___inthi_sp                                        stack        000000
___intlo_sp                                        stack        000000
___lldiv                                           text22       0025B8
___lldiv@counter                                   cstackCOMRAM 00000E
___lldiv@dividend                                  cstackCOMRAM 000002
___lldiv@divisor                                   cstackCOMRAM 000006
___lldiv@quotient                                  cstackCOMRAM 00000A
___lmul                                            text21       0029DA
___lmul@multiplicand                               cstackCOMRAM 000006
___lmul@multiplier                                 cstackCOMRAM 000002
___lmul@product                                    cstackCOMRAM 00000A
___param_bank                                      (abs)        000000
___rparam_used                                     (abs)        000001
___sp                                              stack        000000
___wmul                                            text20       002C56
___wmul@multiplicand                               cstackCOMRAM 000004
___wmul@multiplier                                 cstackCOMRAM 000002
___wmul@product                                    cstackCOMRAM 000006
__accesstop                                        (abs)        000080
__activetblptr                                     (abs)        000003
__end_of_ADC_ISR                                   text51       002D60
__end_of_CCP1_ISR                                  text50       002D5C
__end_of_CCP2_ISR                                  text49       002D58
__end_of_EUSART_RX_ISR                             text48       002D66
__end_of_EUSART_TX_ISR                             text47       002D54
__end_of_INT0_ISR                                  text46       002D50
__end_of_INT1_ISR                                  text45       002D4C
__end_of_INT2_ISR                                  text44       002D48
__end_of_InterruptManager                          intcode_body 001432
__end_of_MSSP_I2C_BC_ISR                           text43       002D44
__end_of_MSSP_I2C_ISR                              text42       002D40
__end_of_MSSP_SPI_ISR                              text41       002D64
__end_of_RB4_ISR                                   text40       002CFE
__end_of_RB5_ISR                                   text39       002CE4
__end_of_RB6_ISR                                   text38       002CCA
__end_of_RB7_ISR                                   text37       002CB0
__end_of_TMR0_ISR                                  text36       002D22
__end_of_TMR1_ISR                                  text35       002D16
__end_of_TMR2_ISR                                  text34       002D36
__end_of_TMR3_ISR                                  text33       002D0A
__end_of___awdiv                                   text11       0023A8
__end_of___awmod                                   text10       002510
__end_of___lldiv                                   text22       00265C
__end_of___lmul                                    text21       002A44
__end_of___wmul                                    text20       002C7C
__end_of__initialization                           cinit        002964
__end_of_abs                                       text9        002BF2
__end_of_application_intialize                     text23       002D3C
__end_of_btn_values                                smallconst   001011
__end_of_calc_1                                    text19       00176C
__end_of_dtoa                                      text4        001C34
__end_of_ecu_layer_intialize                       text24       002C96
__end_of_fputc                                     text7        0022E4
__end_of_fputs                                     text6        002BB2
__end_of_gpio_pin_direction_intialize              text31       001D78
__end_of_gpio_pin_intialize                        text29       0029DA
__end_of_gpio_pin_read_logic                       text18       002460
__end_of_gpio_pin_write_logic                      text30       0020FC
__end_of_keypad_get_value                          text17       00221A
__end_of_keypad_initialize                         text28       002886
__end_of_lcd_8bit_intialize                        text25       001FD0
__end_of_lcd_8bit_send_char_data                   text16       0026EC
__end_of_lcd_8bit_send_char_data_pos               text14       002B6E
__end_of_lcd_8bit_send_command                     text26       00277C
__end_of_lcd_8bit_send_enable_signal               text27       002C26
__end_of_lcd_8bit_send_string                      text13       002806
__end_of_lcd_8bit_send_string_pos                  text12       002B28
__end_of_lcd_8bit_set_cursor                       text15       0025B8
__end_of_main                                      text0        001AA0
__end_of_pad                                       text5        002900
__end_of_putch                                     text8        002D62
__end_of_sprintf                                   text1        002AE0
__end_of_vfpfcnvrt                                 text3        001EA4
__end_of_vfprintf                                  text2        002A94
__initialization                                   cinit        002900
__mediumconst                                      mediumconst  000000
__pbssBANK0                                        bssBANK0     000080
__pbssBANK1                                        bssBANK1     000100
__pbssCOMRAM                                       bssCOMRAM    000058
__pcinit                                           cinit        002900
__pcstackBANK1                                     cstackBANK1  000120
__pcstackCOMRAM                                    cstackCOMRAM 000001
__pdataBANK0                                       dataBANK0    0000CF
__pdataCOMRAM                                      dataCOMRAM   00006E
__pidataBANK0                                      idataBANK0   002C26
__pidataCOMRAM                                     idataCOMRAM  002D22
__pintcode                                         intcode      000008
__pintcode_body                                    intcode_body 00102C
__pnvBANK0                                         nvBANK0      0000FF
__pnvCOMRAM                                        nvCOMRAM     000079
__psmallconst                                      smallconst   001000
__ptext0                                           text0        00176C
__ptext1                                           text1        002A94
__ptext10                                          text10       002460
__ptext11                                          text11       0022E4
__ptext12                                          text12       002AE0
__ptext13                                          text13       00277C
__ptext14                                          text14       002B28
__ptext15                                          text15       002510
__ptext16                                          text16       00265C
__ptext17                                          text17       0020FC
__ptext18                                          text18       0023A8
__ptext19                                          text19       001432
__ptext2                                           text2        002A44
__ptext20                                          text20       002C56
__ptext21                                          text21       0029DA
__ptext22                                          text22       0025B8
__ptext23                                          text23       002D36
__ptext24                                          text24       002C7C
__ptext25                                          text25       001EA4
__ptext26                                          text26       0026EC
__ptext27                                          text27       002BF2
__ptext28                                          text28       002806
__ptext29                                          text29       00296E
__ptext3                                           text3        001D78
__ptext30                                          text30       001FD0
__ptext31                                          text31       001C34
__ptext33                                          text33       002CFE
__ptext34                                          text34       002D2E
__ptext35                                          text35       002D0A
__ptext36                                          text36       002D16
__ptext37                                          text37       002C96
__ptext38                                          text38       002CB0
__ptext39                                          text39       002CCA
__ptext4                                           text4        001AA0
__ptext40                                          text40       002CE4
__ptext41                                          text41       002D62
__ptext42                                          text42       002D3C
__ptext43                                          text43       002D40
__ptext44                                          text44       002D44
__ptext45                                          text45       002D48
__ptext46                                          text46       002D4C
__ptext47                                          text47       002D50
__ptext48                                          text48       002D64
__ptext49                                          text49       002D54
__ptext5                                           text5        002886
__ptext50                                          text50       002D58
__ptext51                                          text51       002D5C
__ptext6                                           text6        002B6E
__ptext7                                           text7        00221A
__ptext8                                           text8        002D60
__ptext9                                           text9        002BB2
__ramtop                                           ramtop       001000
__smallconst                                       smallconst   001000
_abs                                               text9        002BB2
_application_intialize                             text23       002D36
_btn_values                                        smallconst   001001
_calc_1                                            text19       001432
_column_1                                          nvCOMRAM     00007A
_dbuf                                              bssBANK1     000100
_dtoa                                              text4        001AA0
_dtoa$4967                                         cstackCOMRAM 000021
_ecu_layer_intialize                               text24       002C7C
_first_num                                         bssBANK0     0000CB
_flags                                             bssCOMRAM    000064
_fputc                                             text7        00221A
_fputs                                             text6        002B6E
_gpio_pin_direction_intialize                      text31       001C34
_gpio_pin_intialize                                text29       00296E
_gpio_pin_read_logic                               text18       0023A8
_gpio_pin_write_logic                              text30       001FD0
_keypad_get_value                                  text17       0020FC
_keypad_initialize                                 text28       002806
_keypad_obj                                        dataBANK0    0000F7
_keypad_value                                      nvCOMRAM     00007B
_lat_registers                                     dataBANK0    0000D9
_lcd                                               dataBANK0    0000ED
_lcd_8bit_intialize                                text25       001EA4
_lcd_8bit_send_char_data                           text16       00265C
_lcd_8bit_send_char_data_pos                       text14       002B28
_lcd_8bit_send_command                             text26       0026EC
_lcd_8bit_send_enable_signal                       text27       002BF2
_lcd_8bit_send_string                              text13       00277C
_lcd_8bit_send_string_pos                          text12       002AE0
_lcd_8bit_set_cursor                               text15       002510
_main                                              text0        00176C
_num_1                                             bssBANK0     0000C3
_num_2                                             bssBANK0     0000BF
_number1                                           bssCOMRAM    000065
_operation                                         nvCOMRAM     000079
_pad                                               text5        002886
_port_registers                                    dataBANK0    0000CF
_prec                                              bssCOMRAM    000058
_putch                                             text8        002D60
_result                                            bssBANK0     0000BB
_ret                                               nvBANK0      0000FF
_second_num                                        bssBANK0     0000C7
_sprintf                                           text1        002A94
_str                                               bssBANK0     0000B6
_timer0_preload                                    bssCOMRAM    00005E
_timer1_preload                                    bssCOMRAM    00005C
_timer2_preload                                    bssCOMRAM    000066
_timer3_preload                                    bssCOMRAM    00005A
_tris_registers                                    dataBANK0    0000E3
_vfpfcnvrt                                         text3        001D78
_vfprintf                                          text2        002A44
_width                                             bssBANK0     000086
abs@a                                              cstackCOMRAM 000008
btemp                                              temp         00007C
calc_1@counter                                     cstackCOMRAM 00002A
calc_1@first_num                                   cstackCOMRAM 00000F
calc_1@number_1                                    cstackCOMRAM 000013
calc_1@number_2                                    cstackCOMRAM 000015
calc_1@operation                                   cstackCOMRAM 000017
calc_1@result                                      cstackCOMRAM 000018
calc_1@second_num                                  cstackCOMRAM 000011
dtoa@d                                             cstackCOMRAM 00001F
dtoa@fp                                            cstackCOMRAM 00001D
dtoa@i                                             cstackCOMRAM 000028
dtoa@p                                             cstackCOMRAM 000023
dtoa@s                                             cstackCOMRAM 000027
dtoa@w                                             cstackCOMRAM 000025
end_of_initialization                              cinit        002964
fputc@c                                            cstackCOMRAM 000002
fputc@fp                                           cstackCOMRAM 000004
fputs@c                                            cstackCOMRAM 00000F
fputs@fp                                           cstackCOMRAM 00000D
fputs@i                                            cstackCOMRAM 000010
fputs@s                                            cstackCOMRAM 00000B
gpio_pin_direction_intialize@_pin_config           cstackCOMRAM 000002
gpio_pin_direction_intialize@ret                   cstackCOMRAM 00000A
gpio_pin_intialize@_pin_config                     cstackCOMRAM 00000C
gpio_pin_intialize@ret                             cstackCOMRAM 00000F
gpio_pin_read_logic@_pin_config                    cstackCOMRAM 000002
gpio_pin_read_logic@logic                          cstackCOMRAM 000004
gpio_pin_read_logic@ret                            cstackCOMRAM 00000B
gpio_pin_write_logic@_pin_config                   cstackCOMRAM 000002
gpio_pin_write_logic@logic                         cstackCOMRAM 000004
gpio_pin_write_logic@ret                           cstackCOMRAM 00000B
int$flags                                          temp         00007C
int_func                                           intcode_body 00102C
intlevel0                                          text         000000
intlevel1                                          text         000000
intlevel2                                          text         000000
intlevel3                                          text         000000
isa$std                                            (abs)        000001
isa$xinst                                          (abs)        000000
keypad_get_value@_keypad_obj                       cstackCOMRAM 00000C
keypad_get_value@column_logic                      cstackCOMRAM 000013
keypad_get_value@l_columns_counter                 cstackCOMRAM 000016
keypad_get_value@l_counter                         cstackCOMRAM 000014
keypad_get_value@l_rows_counter                    cstackCOMRAM 000015
keypad_get_value@ret                               cstackCOMRAM 000012
keypad_get_value@value                             cstackCOMRAM 00000E
keypad_initialize@_keypad_obj                      cstackCOMRAM 000010
keypad_initialize@columns_counter                  cstackCOMRAM 000016
keypad_initialize@ret                              cstackCOMRAM 000014
keypad_initialize@rows_counter                     cstackCOMRAM 000015
lcd_8bit_intialize@l_data_pins_counter             cstackCOMRAM 00001C
lcd_8bit_intialize@lcd                             cstackCOMRAM 000018
lcd_8bit_intialize@ret                             cstackCOMRAM 00001D
lcd_8bit_send_char_data@data                       cstackCOMRAM 000011
lcd_8bit_send_char_data@l_pin_counter              cstackCOMRAM 000017
lcd_8bit_send_char_data@lcd                        cstackCOMRAM 00000F
lcd_8bit_send_char_data@ret                        cstackCOMRAM 000016
lcd_8bit_send_char_data_pos@column                 cstackCOMRAM 000022
lcd_8bit_send_char_data_pos@data                   cstackCOMRAM 000023
lcd_8bit_send_char_data_pos@lcd                    cstackCOMRAM 00001F
lcd_8bit_send_char_data_pos@ret                    cstackCOMRAM 000024
lcd_8bit_send_char_data_pos@row                    cstackCOMRAM 000021
lcd_8bit_send_command@command                      cstackCOMRAM 000011
lcd_8bit_send_command@l_pin_counter                cstackCOMRAM 000017
lcd_8bit_send_command@lcd                          cstackCOMRAM 00000F
lcd_8bit_send_command@ret                          cstackCOMRAM 000016
lcd_8bit_send_enable_signal@lcd                    cstackCOMRAM 00000C
lcd_8bit_send_enable_signal@ret                    cstackCOMRAM 00000E
lcd_8bit_send_string@lcd                           cstackCOMRAM 000018
lcd_8bit_send_string@ret                           cstackCOMRAM 00001C
lcd_8bit_send_string@str                           cstackCOMRAM 00001A
lcd_8bit_send_string_pos@column                    cstackCOMRAM 000022
lcd_8bit_send_string_pos@lcd                       cstackCOMRAM 00001F
lcd_8bit_send_string_pos@ret                       cstackCOMRAM 000025
lcd_8bit_send_string_pos@row                       cstackCOMRAM 000021
lcd_8bit_send_string_pos@str                       cstackCOMRAM 000023
lcd_8bit_set_cursor@coulmn                         cstackCOMRAM 00001B
lcd_8bit_set_cursor@lcd                            cstackCOMRAM 000018
lcd_8bit_set_cursor@ret                            cstackCOMRAM 00001E
lcd_8bit_set_cursor@row                            cstackCOMRAM 00001A
led_initialize@F3048                               bssCOMRAM    00006D
led_turn_off@F3058                                 bssCOMRAM    00006B
led_turn_on@F3053                                  bssCOMRAM    00006C
led_turn_toggle@F3063                              bssCOMRAM    00006A
main@counter_1                                     cstackBANK1  000122
main@counter_2                                     cstackBANK1  000120
main@counter_3                                     cstackBANK1  000121
pad@buf                                            cstackCOMRAM 000014
pad@fp                                             cstackCOMRAM 000012
pad@i                                              cstackCOMRAM 000019
pad@p                                              cstackCOMRAM 000016
pad@w                                              cstackCOMRAM 00001B
relay_initialize@F3042                             bssCOMRAM    000069
relay_turn_off@F3052                               bssCOMRAM    000067
relay_turn_on@F3047                                bssCOMRAM    000068
sprintf@ap                                         cstackCOMRAM 000048
sprintf@f                                          cstackCOMRAM 00004A
sprintf@fmt                                        cstackCOMRAM 000042
sprintf@s                                          cstackCOMRAM 000040
stackhi                                            (abs)        000000
stacklo                                            (abs)        000000
start                                              init         00000E
start_initialization                               cinit        002900
ttemp5                                             temp         00007D
ttemp6                                             temp         000080
ttemp7                                             temp         000084
vfpfcnvrt@ap                                       cstackCOMRAM 00002E
vfpfcnvrt@convarg                                  cstackCOMRAM 000032
vfpfcnvrt@cp                                       cstackCOMRAM 000036
vfpfcnvrt@fmt                                      cstackCOMRAM 00002C
vfpfcnvrt@fp                                       cstackCOMRAM 00002A
vfprintf@ap                                        cstackCOMRAM 00003C
vfprintf@cfmt                                      cstackCOMRAM 00003E
vfprintf@fmt                                       cstackCOMRAM 00003A
vfprintf@fp                                        cstackCOMRAM 000038
wtemp8                                             temp         00007D


MODULE INFORMATION

Module		Function		Class		Link	Load	Size
C:\Program Files\Microchip\xc8\v2.41\pic\sources\c99\common\awmod.c
		___awmod       		CODE           	2460	0000	176

C:\Program Files\Microchip\xc8\v2.41\pic\sources\c99\common\awmod.c estimated size: 176

MCAL_Layer/Timer2/hal_timr2.c
		_TMR2_ISR      		CODE           	2D2E	0000	8

MCAL_Layer/Timer2/hal_timr2.c estimated size: 8

C:\Program Files\Microchip\xc8\v2.41\pic\sources\c99\common\Umul32.c
		___lmul        		CODE           	29DA	0000	106

C:\Program Files\Microchip\xc8\v2.41\pic\sources\c99\common\Umul32.c estimated size: 106

MCAL_Layer/Timer0/hal_timr0.c
		_TMR0_ISR      		CODE           	2D16	0000	12

MCAL_Layer/Timer0/hal_timr0.c estimated size: 12

ECU_Layer/KeyPad/ecu_keypad.c
		_keypad_get_value		CODE           	20FC	0000	286
		_keypad_initialize		CODE           	2806	0000	128

ECU_Layer/KeyPad/ecu_keypad.c estimated size: 414

C:\Program Files\Microchip\xc8\v2.41\pic\sources\c99\common\__lldiv.c
		___lldiv       		CODE           	25B8	0000	164

C:\Program Files\Microchip\xc8\v2.41\pic\sources\c99\common\__lldiv.c estimated size: 164

C:\Program Files\Microchip\xc8\v2.41\pic\sources\c99\common\nf_fputc.c
		_fputc         		CODE           	221A	0000	202

C:\Program Files\Microchip\xc8\v2.41\pic\sources\c99\common\nf_fputc.c estimated size: 202

C:\Program Files\Microchip\xc8\v2.41\pic\sources\c99\common\nf_sprintf.c
		_sprintf       		CODE           	2A94	0000	76

C:\Program Files\Microchip\xc8\v2.41\pic\sources\c99\common\nf_sprintf.c estimated size: 76

MCAL_Layer/SPI/hal_spi.c
		_MSSP_SPI_ISR  		CODE           	2D62	0000	2

MCAL_Layer/SPI/hal_spi.c estimated size: 2

C:\Program Files\Microchip\xc8\v2.41\pic\sources\c99\common\awdiv.c
		___awdiv       		CODE           	22E4	0000	196

C:\Program Files\Microchip\xc8\v2.41\pic\sources\c99\common\awdiv.c estimated size: 196

ECU_Layer/Chr_LCD/ecu_chr_lcd.c
		_lcd_8bit_intialize		CODE           	1EA4	0000	300
		_lcd_8bit_send_char_data_pos		CODE           	2B28	0000	70
		_lcd_8bit_set_cursor		CODE           	2510	0000	168
		_lcd_8bit_send_enable_signal		CODE           	2BF2	0000	52
		_lcd_8bit_send_string		CODE           	277C	0000	138
		_lcd_8bit_send_command		CODE           	26EC	0000	144
		_lcd_8bit_send_string_pos		CODE           	2AE0	0000	72
		_lcd_8bit_send_char_data		CODE           	265C	0000	144

ECU_Layer/Chr_LCD/ecu_chr_lcd.c estimated size: 1088

MCAL_Layer/I2C/hal_i2c.c
		_MSSP_I2C_ISR  		CODE           	2D3C	0000	4
		_MSSP_I2C_BC_ISR		CODE           	2D40	0000	4

MCAL_Layer/I2C/hal_i2c.c estimated size: 8

C:\Program Files\Microchip\xc8\v2.41\pic\sources\c99\common\abs.c
		_abs           		CODE           	2BB2	0000	64

C:\Program Files\Microchip\xc8\v2.41\pic\sources\c99\common\abs.c estimated size: 64

C:\Program Files\Microchip\xc8\v2.41\pic\sources\c99\common\doprnt.c
		_vfpfcnvrt     		CODE           	1D78	0000	300
		_pad           		CODE           	2886	0000	122
		_dtoa          		CODE           	1AA0	0000	404
		_vfprintf      		CODE           	2A44	0000	80

C:\Program Files\Microchip\xc8\v2.41\pic\sources\c99\common\doprnt.c estimated size: 906

MCAL_Layer/usart/hal_usart.c
		_EUSART_RX_ISR 		CODE           	2D64	0000	2
		_EUSART_TX_ISR 		CODE           	2D50	0000	4

MCAL_Layer/usart/hal_usart.c estimated size: 6

MCAL_Layer/Timer3/hal_timr3.c
		_TMR3_ISR      		CODE           	2CFE	0000	12

MCAL_Layer/Timer3/hal_timr3.c estimated size: 12

shared
		_btn_values    		SMALLCONST     	1001	0000	16
		__initialization		CODE           	2900	0000	100

shared estimated size: 116

MCAL_Layer/Interrupt/mcal_external_interrupt.c
		_RB4_ISR       		CODE           	2CE4	0000	26
		_RB5_ISR       		CODE           	2CCA	0000	26
		_RB6_ISR       		CODE           	2CB0	0000	26
		_RB7_ISR       		CODE           	2C96	0000	26
		_INT0_ISR      		CODE           	2D4C	0000	4
		_INT1_ISR      		CODE           	2D48	0000	4
		_INT2_ISR      		CODE           	2D44	0000	4

MCAL_Layer/Interrupt/mcal_external_interrupt.c estimated size: 116

MCAL_Layer/ADC/hal_adc.c
		_ADC_ISR       		CODE           	2D5C	0000	4

MCAL_Layer/ADC/hal_adc.c estimated size: 4

MCAL_Layer/Interrupt/mcal_interrupt_manager.c
		_InterruptManager		CODE           	0008	0000	1036

MCAL_Layer/Interrupt/mcal_interrupt_manager.c estimated size: 1036

MCAL_Layer/GPIO/hal_gpio.c
		_gpio_pin_write_logic		CODE           	1FD0	0000	300
		_gpio_pin_intialize		CODE           	296E	0000	108
		_gpio_pin_read_logic		CODE           	23A8	0000	184
		_gpio_pin_direction_intialize		CODE           	1C34	0000	324

MCAL_Layer/GPIO/hal_gpio.c estimated size: 916

MCAL_Layer/Timer1/hal_timr1.c
		_TMR1_ISR      		CODE           	2D0A	0000	12

MCAL_Layer/Timer1/hal_timr1.c estimated size: 12

C:\Program Files\Microchip\xc8\v2.41\pic\sources\c99\common\Umul16.c
		___wmul        		CODE           	2C56	0000	38

C:\Program Files\Microchip\xc8\v2.41\pic\sources\c99\common\Umul16.c estimated size: 38

C:\Program Files\Microchip\xc8\v2.41\pic\sources\c99\common\putch.c
		_putch         		CODE           	2D60	0000	2

C:\Program Files\Microchip\xc8\v2.41\pic\sources\c99\common\putch.c estimated size: 2

C:\Program Files\Microchip\xc8\v2.41\pic\sources\c99\common\nf_fputs.c
		_fputs         		CODE           	2B6E	0000	68

C:\Program Files\Microchip\xc8\v2.41\pic\sources\c99\common\nf_fputs.c estimated size: 68

ECU_Layer/ecu_layer_init.c
		_ecu_layer_intialize		CODE           	2C7C	0000	26

ECU_Layer/ecu_layer_init.c estimated size: 26

application.c
		_main          		CODE           	176C	0000	820
		_application_intialize		CODE           	2D36	0000	6
		_calc_1        		CODE           	1432	0000	826

application.c estimated size: 1652

MCAL_Layer/CCP/hal_ccp.c
		_CCP1_ISR      		CODE           	2D58	0000	4
		_CCP2_ISR      		CODE           	2D54	0000	4

MCAL_Layer/CCP/hal_ccp.c estimated size: 8

